// Jest Snapshot v1, https://goo.gl/fbAQLP

exports[`UtilityHeaderComponentOfficeOfTemplate should put office of template into the office of section of the header 1`] = `
<a
  class="jazz-utility-header__site-name-office-of"
  href="https://www.google.com"
  rel="home"
  title="Dept of Energy"
>
  Department of 
  <br />
  <div
    class="jazz-utility-header__site-name-office-of-department"
  >
    Energy
  </div>
</a>
`;
